// Vitest Snapshot v1, https://vitest.dev/guide/snapshot.html

exports[`Feedbacks > renders correctly Feedbacks 1`] = `
{
  "asFragment": [Function],
  "baseElement": <body>
    <div>
      <section
        id="feedbacks"
      >
        <div
          class="max-w-screen-xl px-4 py-8 mx-auto lg:py-16 lg:px-6"
        >
          <h6
            class="text-center text-primary text-4xl font-bold tracking-tight sm:text-5xl mb-2"
          >
            Feedbacks
          </h6>
          <div
            class="w-full mb-6 flex items-center justify-center"
            data-testid="divider"
          >
            <div
              class="relative flex items-center justify-center w-full"
            >
              <div
                class="absolute inset-0 flex items-center"
              >
                <div
                  class="w-full border-t border-border/50 dark:border-border-dark/50"
                />
              </div>
              <div
                class="relative flex items-center"
              >
                <div
                  class="h-1.5 bg-primary w-64 rounded-full bg-gradient-to-r from-primary via-primary-light to-primary shadow-card relative overflow-hidden"
                >
                  <div
                    class="absolute inset-0 bg-gradient-to-r from-transparent via-surface/30 to-transparent animate-shimmer"
                  />
                </div>
              </div>
            </div>
          </div>
          <div
            class="swiper swiper-initialized swiper-vertical md:h-96 h-[40rem] max-w-3xl"
            data-aos="fade-up"
          >
            <div
              class="swiper-wrapper"
            >
              <div
                class="swiper-slide swiper-slide-active"
                data-swiper-slide-index="0"
                style="margin-bottom: 40px;"
              >
                <div
                  class="
                rounded-2xl bg-surface/90 dark:bg-surface-dark/90 backdrop-blur-md shadow-card ring-1 ring-border/50 dark:ring-border-dark/50
                duration-500 mx-8 p-6 h-full flex items-center gap-6
                md:flex-row flex-col border border-border/50 dark:border-border-dark/50
                false"
                >
                  <div
                    class="justify-between"
                  >
                    <p
                      class="text-base sm:text-lg md:mb-4 mb-2 leading-relaxed text-text-primary dark:text-text-primary-dark"
                    >
                      Jorge always delivers top-notch code and really knows his way around React. He handles tough challenges with a calm, structured approach and always keeps performance in mind.
                    </p>
                    <h6
                      class="text-base font-semibold text-primary mt-2"
                    />
                  </div>
                </div>
              </div>
              <div
                class="swiper-slide swiper-slide-next"
                data-swiper-slide-index="1"
                style="margin-bottom: 40px;"
              >
                <div
                  class="
                rounded-2xl bg-surface/90 dark:bg-surface-dark/90 backdrop-blur-md shadow-card ring-1 ring-border/50 dark:ring-border-dark/50
                duration-500 mx-8 p-6 h-full flex items-center gap-6
                md:flex-row flex-col border border-border/50 dark:border-border-dark/50
                scale-75 blur-sm opacity-50"
                >
                  <div
                    class="justify-between"
                  >
                    <p
                      class="text-base sm:text-lg md:mb-4 mb-2 leading-relaxed text-text-primary dark:text-text-primary-dark"
                    >
                      He’s amazing at spotting and fixing technical bottlenecks. Whether he’s refactoring old code or building something new, his solutions are both smart and practical.
                    </p>
                    <h6
                      class="text-base font-semibold text-primary mt-2"
                    />
                  </div>
                </div>
              </div>
              <div
                class="swiper-slide"
                data-swiper-slide-index="2"
                style="margin-bottom: 40px;"
              >
                <div
                  class="
                rounded-2xl bg-surface/90 dark:bg-surface-dark/90 backdrop-blur-md shadow-card ring-1 ring-border/50 dark:ring-border-dark/50
                duration-500 mx-8 p-6 h-full flex items-center gap-6
                md:flex-row flex-col border border-border/50 dark:border-border-dark/50
                scale-75 blur-sm opacity-50"
                >
                  <div
                    class="justify-between"
                  >
                    <p
                      class="text-base sm:text-lg md:mb-4 mb-2 leading-relaxed text-text-primary dark:text-text-primary-dark"
                    >
                      Jorge pays close attention to detail, so his code is always clean, modular, and easy to maintain. He follows best practices, which makes everything easier to read and work with in the long run.
                    </p>
                    <h6
                      class="text-base font-semibold text-primary mt-2"
                    />
                  </div>
                </div>
              </div>
              <div
                class="swiper-slide"
                data-swiper-slide-index="3"
                style="margin-bottom: 40px;"
              >
                <div
                  class="
                rounded-2xl bg-surface/90 dark:bg-surface-dark/90 backdrop-blur-md shadow-card ring-1 ring-border/50 dark:ring-border-dark/50
                duration-500 mx-8 p-6 h-full flex items-center gap-6
                md:flex-row flex-col border border-border/50 dark:border-border-dark/50
                scale-75 blur-sm opacity-50"
                >
                  <div
                    class="justify-between"
                  >
                    <p
                      class="text-base sm:text-lg md:mb-4 mb-2 leading-relaxed text-text-primary dark:text-text-primary-dark"
                    >
                      It’s a pleasure working with him. He gives helpful feedback during code reviews and is always willing to help out when someone’s stuck. His communication makes the team stronger and more positive.
                    </p>
                    <h6
                      class="text-base font-semibold text-primary mt-2"
                    />
                  </div>
                </div>
              </div>
              <div
                class="swiper-slide"
                data-swiper-slide-index="4"
                style="margin-bottom: 40px;"
              >
                <div
                  class="
                rounded-2xl bg-surface/90 dark:bg-surface-dark/90 backdrop-blur-md shadow-card ring-1 ring-border/50 dark:ring-border-dark/50
                duration-500 mx-8 p-6 h-full flex items-center gap-6
                md:flex-row flex-col border border-border/50 dark:border-border-dark/50
                scale-75 blur-sm opacity-50"
                >
                  <div
                    class="justify-between"
                  >
                    <p
                      class="text-base sm:text-lg md:mb-4 mb-2 leading-relaxed text-text-primary dark:text-text-primary-dark"
                    >
                      Jorge works well both remotely and in person, making teamwork smooth and effective. He’s proactive about collaborating with designers, product managers, and other engineers to make sure everyone’s on the same page.
                    </p>
                    <h6
                      class="text-base font-semibold text-primary mt-2"
                    />
                  </div>
                </div>
              </div>
              <div
                class="swiper-slide"
                data-swiper-slide-index="5"
                style="margin-bottom: 40px;"
              >
                <div
                  class="
                rounded-2xl bg-surface/90 dark:bg-surface-dark/90 backdrop-blur-md shadow-card ring-1 ring-border/50 dark:ring-border-dark/50
                duration-500 mx-8 p-6 h-full flex items-center gap-6
                md:flex-row flex-col border border-border/50 dark:border-border-dark/50
                scale-75 blur-sm opacity-50"
                >
                  <div
                    class="justify-between"
                  >
                    <p
                      class="text-base sm:text-lg md:mb-4 mb-2 leading-relaxed text-text-primary dark:text-text-primary-dark"
                    >
                      He consistently delivers high-quality code and has a deep understanding of React. He tackles complex problems with a clear, efficient approach and always thinks about performance.
                    </p>
                    <h6
                      class="text-base font-semibold text-primary mt-2"
                    />
                  </div>
                </div>
              </div>
              <div
                class="swiper-slide"
                data-swiper-slide-index="6"
                style="margin-bottom: 40px;"
              >
                <div
                  class="
                rounded-2xl bg-surface/90 dark:bg-surface-dark/90 backdrop-blur-md shadow-card ring-1 ring-border/50 dark:ring-border-dark/50
                duration-500 mx-8 p-6 h-full flex items-center gap-6
                md:flex-row flex-col border border-border/50 dark:border-border-dark/50
                scale-75 blur-sm opacity-50"
                >
                  <div
                    class="justify-between"
                  >
                    <p
                      class="text-base sm:text-lg md:mb-4 mb-2 leading-relaxed text-text-primary dark:text-text-primary-dark"
                    >
                      His attention to detail is impressive—his code is always tidy, modular, and easy to maintain. He sticks to best practices, which really helps with readability and long-term health of the project.
                    </p>
                    <h6
                      class="text-base font-semibold text-primary mt-2"
                    />
                  </div>
                </div>
              </div>
              <div
                class="swiper-slide"
                data-swiper-slide-index="7"
                style="margin-bottom: 40px;"
              >
                <div
                  class="
                rounded-2xl bg-surface/90 dark:bg-surface-dark/90 backdrop-blur-md shadow-card ring-1 ring-border/50 dark:ring-border-dark/50
                duration-500 mx-8 p-6 h-full flex items-center gap-6
                md:flex-row flex-col border border-border/50 dark:border-border-dark/50
                scale-75 blur-sm opacity-50"
                >
                  <div
                    class="justify-between"
                  >
                    <p
                      class="text-base sm:text-lg md:mb-4 mb-2 leading-relaxed text-text-primary dark:text-text-primary-dark"
                    >
                      Jorge is super reliable and approachable. He’s the go-to person for solving both technical and organizational challenges, and his collaborative attitude inspires everyone around him.
                    </p>
                    <h6
                      class="text-base font-semibold text-primary mt-2"
                    />
                  </div>
                </div>
              </div>
            </div>
            <div
              class="swiper-pagination swiper-pagination-clickable swiper-pagination-bullets swiper-pagination-vertical swiper-pagination-lock"
            >
              <span
                class="swiper-pagination-bullet swiper-pagination-bullet-active"
              />
              <span
                class="swiper-pagination-bullet"
              />
              <span
                class="swiper-pagination-bullet"
              />
              <span
                class="swiper-pagination-bullet"
              />
              <span
                class="swiper-pagination-bullet"
              />
              <span
                class="swiper-pagination-bullet"
              />
              <span
                class="swiper-pagination-bullet"
              />
              <span
                class="swiper-pagination-bullet"
              />
            </div>
          </div>
        </div>
      </section>
    </div>
  </body>,
  "container": <div>
    <section
      id="feedbacks"
    >
      <div
        class="max-w-screen-xl px-4 py-8 mx-auto lg:py-16 lg:px-6"
      >
        <h6
          class="text-center text-primary text-4xl font-bold tracking-tight sm:text-5xl mb-2"
        >
          Feedbacks
        </h6>
        <div
          class="w-full mb-6 flex items-center justify-center"
          data-testid="divider"
        >
          <div
            class="relative flex items-center justify-center w-full"
          >
            <div
              class="absolute inset-0 flex items-center"
            >
              <div
                class="w-full border-t border-border/50 dark:border-border-dark/50"
              />
            </div>
            <div
              class="relative flex items-center"
            >
              <div
                class="h-1.5 bg-primary w-64 rounded-full bg-gradient-to-r from-primary via-primary-light to-primary shadow-card relative overflow-hidden"
              >
                <div
                  class="absolute inset-0 bg-gradient-to-r from-transparent via-surface/30 to-transparent animate-shimmer"
                />
              </div>
            </div>
          </div>
        </div>
        <div
          class="swiper swiper-initialized swiper-vertical md:h-96 h-[40rem] max-w-3xl"
          data-aos="fade-up"
        >
          <div
            class="swiper-wrapper"
          >
            <div
              class="swiper-slide swiper-slide-active"
              data-swiper-slide-index="0"
              style="margin-bottom: 40px;"
            >
              <div
                class="
                rounded-2xl bg-surface/90 dark:bg-surface-dark/90 backdrop-blur-md shadow-card ring-1 ring-border/50 dark:ring-border-dark/50
                duration-500 mx-8 p-6 h-full flex items-center gap-6
                md:flex-row flex-col border border-border/50 dark:border-border-dark/50
                false"
              >
                <div
                  class="justify-between"
                >
                  <p
                    class="text-base sm:text-lg md:mb-4 mb-2 leading-relaxed text-text-primary dark:text-text-primary-dark"
                  >
                    Jorge always delivers top-notch code and really knows his way around React. He handles tough challenges with a calm, structured approach and always keeps performance in mind.
                  </p>
                  <h6
                    class="text-base font-semibold text-primary mt-2"
                  />
                </div>
              </div>
            </div>
            <div
              class="swiper-slide swiper-slide-next"
              data-swiper-slide-index="1"
              style="margin-bottom: 40px;"
            >
              <div
                class="
                rounded-2xl bg-surface/90 dark:bg-surface-dark/90 backdrop-blur-md shadow-card ring-1 ring-border/50 dark:ring-border-dark/50
                duration-500 mx-8 p-6 h-full flex items-center gap-6
                md:flex-row flex-col border border-border/50 dark:border-border-dark/50
                scale-75 blur-sm opacity-50"
              >
                <div
                  class="justify-between"
                >
                  <p
                    class="text-base sm:text-lg md:mb-4 mb-2 leading-relaxed text-text-primary dark:text-text-primary-dark"
                  >
                    He’s amazing at spotting and fixing technical bottlenecks. Whether he’s refactoring old code or building something new, his solutions are both smart and practical.
                  </p>
                  <h6
                    class="text-base font-semibold text-primary mt-2"
                  />
                </div>
              </div>
            </div>
            <div
              class="swiper-slide"
              data-swiper-slide-index="2"
              style="margin-bottom: 40px;"
            >
              <div
                class="
                rounded-2xl bg-surface/90 dark:bg-surface-dark/90 backdrop-blur-md shadow-card ring-1 ring-border/50 dark:ring-border-dark/50
                duration-500 mx-8 p-6 h-full flex items-center gap-6
                md:flex-row flex-col border border-border/50 dark:border-border-dark/50
                scale-75 blur-sm opacity-50"
              >
                <div
                  class="justify-between"
                >
                  <p
                    class="text-base sm:text-lg md:mb-4 mb-2 leading-relaxed text-text-primary dark:text-text-primary-dark"
                  >
                    Jorge pays close attention to detail, so his code is always clean, modular, and easy to maintain. He follows best practices, which makes everything easier to read and work with in the long run.
                  </p>
                  <h6
                    class="text-base font-semibold text-primary mt-2"
                  />
                </div>
              </div>
            </div>
            <div
              class="swiper-slide"
              data-swiper-slide-index="3"
              style="margin-bottom: 40px;"
            >
              <div
                class="
                rounded-2xl bg-surface/90 dark:bg-surface-dark/90 backdrop-blur-md shadow-card ring-1 ring-border/50 dark:ring-border-dark/50
                duration-500 mx-8 p-6 h-full flex items-center gap-6
                md:flex-row flex-col border border-border/50 dark:border-border-dark/50
                scale-75 blur-sm opacity-50"
              >
                <div
                  class="justify-between"
                >
                  <p
                    class="text-base sm:text-lg md:mb-4 mb-2 leading-relaxed text-text-primary dark:text-text-primary-dark"
                  >
                    It’s a pleasure working with him. He gives helpful feedback during code reviews and is always willing to help out when someone’s stuck. His communication makes the team stronger and more positive.
                  </p>
                  <h6
                    class="text-base font-semibold text-primary mt-2"
                  />
                </div>
              </div>
            </div>
            <div
              class="swiper-slide"
              data-swiper-slide-index="4"
              style="margin-bottom: 40px;"
            >
              <div
                class="
                rounded-2xl bg-surface/90 dark:bg-surface-dark/90 backdrop-blur-md shadow-card ring-1 ring-border/50 dark:ring-border-dark/50
                duration-500 mx-8 p-6 h-full flex items-center gap-6
                md:flex-row flex-col border border-border/50 dark:border-border-dark/50
                scale-75 blur-sm opacity-50"
              >
                <div
                  class="justify-between"
                >
                  <p
                    class="text-base sm:text-lg md:mb-4 mb-2 leading-relaxed text-text-primary dark:text-text-primary-dark"
                  >
                    Jorge works well both remotely and in person, making teamwork smooth and effective. He’s proactive about collaborating with designers, product managers, and other engineers to make sure everyone’s on the same page.
                  </p>
                  <h6
                    class="text-base font-semibold text-primary mt-2"
                  />
                </div>
              </div>
            </div>
            <div
              class="swiper-slide"
              data-swiper-slide-index="5"
              style="margin-bottom: 40px;"
            >
              <div
                class="
                rounded-2xl bg-surface/90 dark:bg-surface-dark/90 backdrop-blur-md shadow-card ring-1 ring-border/50 dark:ring-border-dark/50
                duration-500 mx-8 p-6 h-full flex items-center gap-6
                md:flex-row flex-col border border-border/50 dark:border-border-dark/50
                scale-75 blur-sm opacity-50"
              >
                <div
                  class="justify-between"
                >
                  <p
                    class="text-base sm:text-lg md:mb-4 mb-2 leading-relaxed text-text-primary dark:text-text-primary-dark"
                  >
                    He consistently delivers high-quality code and has a deep understanding of React. He tackles complex problems with a clear, efficient approach and always thinks about performance.
                  </p>
                  <h6
                    class="text-base font-semibold text-primary mt-2"
                  />
                </div>
              </div>
            </div>
            <div
              class="swiper-slide"
              data-swiper-slide-index="6"
              style="margin-bottom: 40px;"
            >
              <div
                class="
                rounded-2xl bg-surface/90 dark:bg-surface-dark/90 backdrop-blur-md shadow-card ring-1 ring-border/50 dark:ring-border-dark/50
                duration-500 mx-8 p-6 h-full flex items-center gap-6
                md:flex-row flex-col border border-border/50 dark:border-border-dark/50
                scale-75 blur-sm opacity-50"
              >
                <div
                  class="justify-between"
                >
                  <p
                    class="text-base sm:text-lg md:mb-4 mb-2 leading-relaxed text-text-primary dark:text-text-primary-dark"
                  >
                    His attention to detail is impressive—his code is always tidy, modular, and easy to maintain. He sticks to best practices, which really helps with readability and long-term health of the project.
                  </p>
                  <h6
                    class="text-base font-semibold text-primary mt-2"
                  />
                </div>
              </div>
            </div>
            <div
              class="swiper-slide"
              data-swiper-slide-index="7"
              style="margin-bottom: 40px;"
            >
              <div
                class="
                rounded-2xl bg-surface/90 dark:bg-surface-dark/90 backdrop-blur-md shadow-card ring-1 ring-border/50 dark:ring-border-dark/50
                duration-500 mx-8 p-6 h-full flex items-center gap-6
                md:flex-row flex-col border border-border/50 dark:border-border-dark/50
                scale-75 blur-sm opacity-50"
              >
                <div
                  class="justify-between"
                >
                  <p
                    class="text-base sm:text-lg md:mb-4 mb-2 leading-relaxed text-text-primary dark:text-text-primary-dark"
                  >
                    Jorge is super reliable and approachable. He’s the go-to person for solving both technical and organizational challenges, and his collaborative attitude inspires everyone around him.
                  </p>
                  <h6
                    class="text-base font-semibold text-primary mt-2"
                  />
                </div>
              </div>
            </div>
          </div>
          <div
            class="swiper-pagination swiper-pagination-clickable swiper-pagination-bullets swiper-pagination-vertical swiper-pagination-lock"
          >
            <span
              class="swiper-pagination-bullet swiper-pagination-bullet-active"
            />
            <span
              class="swiper-pagination-bullet"
            />
            <span
              class="swiper-pagination-bullet"
            />
            <span
              class="swiper-pagination-bullet"
            />
            <span
              class="swiper-pagination-bullet"
            />
            <span
              class="swiper-pagination-bullet"
            />
            <span
              class="swiper-pagination-bullet"
            />
            <span
              class="swiper-pagination-bullet"
            />
          </div>
        </div>
      </div>
    </section>
  </div>,
  "debug": [Function],
  "findAllByAltText": [Function],
  "findAllByDisplayValue": [Function],
  "findAllByLabelText": [Function],
  "findAllByPlaceholderText": [Function],
  "findAllByRole": [Function],
  "findAllByTestId": [Function],
  "findAllByText": [Function],
  "findAllByTitle": [Function],
  "findByAltText": [Function],
  "findByDisplayValue": [Function],
  "findByLabelText": [Function],
  "findByPlaceholderText": [Function],
  "findByRole": [Function],
  "findByTestId": [Function],
  "findByText": [Function],
  "findByTitle": [Function],
  "getAllByAltText": [Function],
  "getAllByDisplayValue": [Function],
  "getAllByLabelText": [Function],
  "getAllByPlaceholderText": [Function],
  "getAllByRole": [Function],
  "getAllByTestId": [Function],
  "getAllByText": [Function],
  "getAllByTitle": [Function],
  "getByAltText": [Function],
  "getByDisplayValue": [Function],
  "getByLabelText": [Function],
  "getByPlaceholderText": [Function],
  "getByRole": [Function],
  "getByTestId": [Function],
  "getByText": [Function],
  "getByTitle": [Function],
  "queryAllByAltText": [Function],
  "queryAllByDisplayValue": [Function],
  "queryAllByLabelText": [Function],
  "queryAllByPlaceholderText": [Function],
  "queryAllByRole": [Function],
  "queryAllByTestId": [Function],
  "queryAllByText": [Function],
  "queryAllByTitle": [Function],
  "queryByAltText": [Function],
  "queryByDisplayValue": [Function],
  "queryByLabelText": [Function],
  "queryByPlaceholderText": [Function],
  "queryByRole": [Function],
  "queryByTestId": [Function],
  "queryByText": [Function],
  "queryByTitle": [Function],
  "rerender": [Function],
  "unmount": [Function],
}
`;
